2026-05-11 10:02:49,584:DEBUG:certbot._internal.main:certbot version: 5.3.1
2026-05-11 10:02:49,584:DEBUG:certbot._internal.main:Location of certbot entry point: /opt/certbot/bin/certbot
2026-05-11 10:02:49,584:DEBUG:certbot._internal.main:Arguments: ['--config', '/etc/letsencrypt.ini', '--work-dir', '/tmp/letsencrypt-lib', '--logs-dir', '/data/logs', '--cert-name', 'npm-2', '--agree-tos', '--authenticator', 'webroot', '-m', 'pedro@pedro.es', '--preferred-challenges', 'http', '--domains', 'miapp.peter.es']
2026-05-11 10:02:49,584:DEBUG:certbot._internal.main:Discovered plugins: PluginsRegistry(PluginEntryPoint#manual,PluginEntryPoint#null,PluginEntryPoint#standalone,PluginEntryPoint#webroot)
2026-05-11 10:02:49,796:DEBUG:certbot._internal.log:Root logging level set at 30
2026-05-11 10:02:49,801:DEBUG:certbot._internal.plugins.selection:Requested authenticator webroot and installer None
2026-05-11 10:02:49,801:DEBUG:certbot._internal.plugins.selection:Single candidate plugin: * webroot
Description: Saves the necessary validation files to a .well-known/acme-challenge/ directory within the nominated webroot path. A separate HTTP server must be running and serving files from the webroot path. HTTP challenge only (wildcards not supported).
Interfaces: Authenticator, Plugin
Entry point: EntryPoint(name='webroot', value='certbot._internal.plugins.webroot:Authenticator', group='certbot.plugins')
Initialized: <certbot._internal.plugins.webroot.Authenticator object at 0x7894d7bed890>
Prep: True
2026-05-11 10:02:49,802:DEBUG:certbot._internal.plugins.selection:Selected authenticator <certbot._internal.plugins.webroot.Authenticator object at 0x7894d7bed890> and installer None
2026-05-11 10:02:49,802:INFO:certbot._internal.plugins.selection:Plugins selected: Authenticator webroot, Installer None
2026-05-11 10:02:49,851:DEBUG:certbot._internal.main:Picked account: <Account(RegistrationResource(body=Registration(key=None, contact=(), agreement=None, status=None, terms_of_service_agreed=None, only_return_existing=None, external_account_binding=None), uri='https://acme-v02.api.letsencrypt.org/acme/acct/3324039596', new_authzr_uri=None, terms_of_service=None), 197805e900634bd74f882f14eb96aa0e, Meta(creation_dt=datetime.datetime(2026, 5, 11, 10, 2, 18, tzinfo=datetime.timezone.utc), creation_host='3aa826969ea1', register_to_eff=None))>
2026-05-11 10:02:49,853:DEBUG:acme.client:Sending GET request to https://acme-v02.api.letsencrypt.org/directory.
2026-05-11 10:02:49,855:DEBUG:urllib3.connectionpool:Starting new HTTPS connection (1): acme-v02.api.letsencrypt.org:443
2026-05-11 10:02:50,420:DEBUG:urllib3.connectionpool:https://acme-v02.api.letsencrypt.org:443 "GET /directory HTTP/1.1" 200 1033
2026-05-11 10:02:50,421:DEBUG:acme.client:Received response:
HTTP 200
Server: nginx
Date: Mon, 11 May 2026 10:02:50 GMT
Content-Type: application/json
Content-Length: 1033
Connection: keep-alive
Cache-Control: public, max-age=0, no-cache
X-Frame-Options: DENY
Strict-Transport-Security: max-age=604800

{
  "duw_bWrDFLk": "https://community.letsencrypt.org/t/adding-random-entries-to-the-directory/33417",
  "keyChange": "https://acme-v02.api.letsencrypt.org/acme/key-change",
  "meta": {
    "caaIdentities": [
      "letsencrypt.org"
    ],
    "profiles": {
      "classic": "https://letsencrypt.org/docs/profiles#classic",
      "shortlived": "https://letsencrypt.org/docs/profiles#shortlived",
      "tlsclient": "https://letsencrypt.org/docs/profiles#tlsclient",
      "tlsserver": "https://letsencrypt.org/docs/profiles#tlsserver"
    },
    "termsOfService": "https://letsencrypt.org/documents/LE-SA-v1.6-August-18-2025.pdf",
    "website": "https://letsencrypt.org"
  },
  "newAccount": "https://acme-v02.api.letsencrypt.org/acme/new-acct",
  "newNonce": "https://acme-v02.api.letsencrypt.org/acme/new-nonce",
  "newOrder": "https://acme-v02.api.letsencrypt.org/acme/new-order",
  "renewalInfo": "https://acme-v02.api.letsencrypt.org/acme/renewal-info",
  "revokeCert": "https://acme-v02.api.letsencrypt.org/acme/revoke-cert"
}
2026-05-11 10:02:50,425:DEBUG:certbot._internal.display.obj:Notifying user: Requesting a certificate for miapp.peter.es
2026-05-11 10:02:50,427:DEBUG:acme.client:Requesting fresh nonce
2026-05-11 10:02:50,428:DEBUG:acme.client:Sending HEAD request to https://acme-v02.api.letsencrypt.org/acme/new-nonce.
2026-05-11 10:02:50,599:DEBUG:urllib3.connectionpool:https://acme-v02.api.letsencrypt.org:443 "HEAD /acme/new-nonce HTTP/1.1" 200 0
2026-05-11 10:02:50,600:DEBUG:acme.client:Received response:
HTTP 200
Server: nginx
Date: Mon, 11 May 2026 10:02:50 GMT
Connection: keep-alive
Cache-Control: public, max-age=0, no-cache
Link: <https://acme-v02.api.letsencrypt.org/directory>;rel="index"
Replay-Nonce: CqJAX5X9IHqu3iS7zneCqWRphGZBUtkFA8IG2EqQBOpxSCE4RmI
X-Frame-Options: DENY
Strict-Transport-Security: max-age=604800


2026-05-11 10:02:50,601:DEBUG:acme.client:Storing nonce: CqJAX5X9IHqu3iS7zneCqWRphGZBUtkFA8IG2EqQBOpxSCE4RmI
2026-05-11 10:02:50,602:DEBUG:acme.client:JWS payload:
b'{\n  "identifiers": [\n    {\n      "type": "dns",\n      "value": "miapp.peter.es"\n    }\n  ]\n}'
2026-05-11 10:02:50,605:DEBUG:acme.client:Sending POST request to https://acme-v02.api.letsencrypt.org/acme/new-order:
{
  "protected": "eyJhbGciOiAiUlMyNTYiLCAia2lkIjogImh0dHBzOi8vYWNtZS12MDIuYXBpLmxldHNlbmNyeXB0Lm9yZy9hY21lL2FjY3QvMzMyNDAzOTU5NiIsICJub25jZSI6ICJDcUpBWDVYOUlIcXUzaVM3em5lQ3FXUnBoR1pCVXRrRkE4SUcyRXFRQk9weFNDRTRSbUkiLCAidXJsIjogImh0dHBzOi8vYWNtZS12MDIuYXBpLmxldHNlbmNyeXB0Lm9yZy9hY21lL25ldy1vcmRlciJ9",
  "signature": "YfK8ZAsqY4Nt0rmoIWV07FiaKrDCwPODKWPjX0IDN9niI_Jofvo_qtcvUU6bAg_-d-Sod35-e5poRv6_KPwkYdl8LaQQSdEYkPoNCHLBk9Gc-AGJHWZsZmEyg9NicyLL3nXGbzGUNjhBNNlTFYIDJ8PxwAEzldHJ5oIM_wx9cLncxgQt8GFGTpwuxwyrLFPp6ie3LozjgPIrCfd3nsUHrxJfttWaJ36Tp7SamJ8KbvTEL3nVa5jlQmXIxdGGZupDSw1Rm4XnCo1bdFmolcUhDeKFGT450K-UOP0OyWyjNHEvhDrjr1GyLkxhG7afDqrEm4trrxAdrC0m310zygsxFQ",
  "payload": "ewogICJpZGVudGlmaWVycyI6IFsKICAgIHsKICAgICAgInR5cGUiOiAiZG5zIiwKICAgICAgInZhbHVlIjogIm1pYXBwLnBldGVyLmVzIgogICAgfQogIF0KfQ"
}
2026-05-11 10:02:50,850:DEBUG:urllib3.connectionpool:https://acme-v02.api.letsencrypt.org:443 "POST /acme/new-order HTTP/1.1" 201 348
2026-05-11 10:02:50,851:DEBUG:acme.client:Received response:
HTTP 201
Server: nginx
Date: Mon, 11 May 2026 10:02:50 GMT
Content-Type: application/json
Content-Length: 348
Connection: keep-alive
Boulder-Requester: 3324039596
Cache-Control: public, max-age=0, no-cache
Link: <https://acme-v02.api.letsencrypt.org/directory>;rel="index"
Location: https://acme-v02.api.letsencrypt.org/acme/order/3324039596/509622224566
Replay-Nonce: pOr3VqDd10lycZcA1i7LHPJBYo3tJtk3dwiMDQYcHz6RlN2iVpQ
X-Frame-Options: DENY
Strict-Transport-Security: max-age=604800

{
  "status": "pending",
  "expires": "2026-05-18T10:02:50Z",
  "identifiers": [
    {
      "type": "dns",
      "value": "miapp.peter.es"
    }
  ],
  "authorizations": [
    "https://acme-v02.api.letsencrypt.org/acme/authz/3324039596/702213687226"
  ],
  "finalize": "https://acme-v02.api.letsencrypt.org/acme/finalize/3324039596/509622224566"
}
2026-05-11 10:02:50,852:DEBUG:acme.client:Storing nonce: pOr3VqDd10lycZcA1i7LHPJBYo3tJtk3dwiMDQYcHz6RlN2iVpQ
2026-05-11 10:02:50,852:DEBUG:acme.client:JWS payload:
b''
2026-05-11 10:02:50,853:DEBUG:acme.client:Sending POST request to https://acme-v02.api.letsencrypt.org/acme/authz/3324039596/702213687226:
{
  "protected": "eyJhbGciOiAiUlMyNTYiLCAia2lkIjogImh0dHBzOi8vYWNtZS12MDIuYXBpLmxldHNlbmNyeXB0Lm9yZy9hY21lL2FjY3QvMzMyNDAzOTU5NiIsICJub25jZSI6ICJwT3IzVnFEZDEwbHljWmNBMWk3TEhQSkJZbzN0SnRrM2R3aU1EUVljSHo2UmxOMmlWcFEiLCAidXJsIjogImh0dHBzOi8vYWNtZS12MDIuYXBpLmxldHNlbmNyeXB0Lm9yZy9hY21lL2F1dGh6LzMzMjQwMzk1OTYvNzAyMjEzNjg3MjI2In0",
  "signature": "jmSjhUhMVzO5JdKBW9cr_QxVJmpbdxyJxFv7sz1zRqwm0fjY8WHe45qdj3-S7DKSBEIer47AJDm_OYckB9ur2vMqGWq7A9oQhiTPDMbJ2oi3Vt1ZtBGIDxdjEjWRPpOXOZcVKFGR49qhRdvpLW89CnLX7l9hsCkP2pxuHYSi-i-a0PfFnw8i3RI_J3XPd9NonmJ4ivUbd0k_u94Db4phVfz7ZEG8x0RIUozBknR2dIQNCgAJoy3eqDPhYSq4wZ0ESzGFhHxbO17ZmbFEiU5lFiLZOQIj8isAoTTaPX54rq8nyyuiSoZmOlBOvdzdf5-m5JtGs1mz2Gl_LpPl69-iiQ",
  "payload": ""
}
2026-05-11 10:02:51,026:DEBUG:urllib3.connectionpool:https://acme-v02.api.letsencrypt.org:443 "POST /acme/authz/3324039596/702213687226 HTTP/1.1" 200 822
2026-05-11 10:02:51,028:DEBUG:acme.client:Received response:
HTTP 200
Server: nginx
Date: Mon, 11 May 2026 10:02:51 GMT
Content-Type: application/json
Content-Length: 822
Connection: keep-alive
Boulder-Requester: 3324039596
Cache-Control: public, max-age=0, no-cache
Link: <https://acme-v02.api.letsencrypt.org/directory>;rel="index"
Replay-Nonce: CqJAX5X98JKMaQDUU6xYjBX6Fv5irmHvE7JoFMZjJXfPS4PZhmI
X-Frame-Options: DENY
Strict-Transport-Security: max-age=604800

{
  "identifier": {
    "type": "dns",
    "value": "miapp.peter.es"
  },
  "status": "pending",
  "expires": "2026-05-18T10:02:50Z",
  "challenges": [
    {
      "type": "tls-alpn-01",
      "url": "https://acme-v02.api.letsencrypt.org/acme/chall/3324039596/702213687226/IRIyjw",
      "status": "pending",
      "token": "F0-89Ou5aV_dNERbo1jbsh_BWGpRFrEZAPC6t23qzsw"
    },
    {
      "type": "dns-01",
      "url": "https://acme-v02.api.letsencrypt.org/acme/chall/3324039596/702213687226/3_xGZw",
      "status": "pending",
      "token": "F0-89Ou5aV_dNERbo1jbsh_BWGpRFrEZAPC6t23qzsw"
    },
    {
      "type": "http-01",
      "url": "https://acme-v02.api.letsencrypt.org/acme/chall/3324039596/702213687226/7xbOmQ",
      "status": "pending",
      "token": "F0-89Ou5aV_dNERbo1jbsh_BWGpRFrEZAPC6t23qzsw"
    }
  ]
}
2026-05-11 10:02:51,029:DEBUG:acme.client:Storing nonce: CqJAX5X98JKMaQDUU6xYjBX6Fv5irmHvE7JoFMZjJXfPS4PZhmI
2026-05-11 10:02:51,029:DEBUG:acme.challenges:tls-alpn-01 was not recognized, full message: {'type': 'tls-alpn-01', 'url': 'https://acme-v02.api.letsencrypt.org/acme/chall/3324039596/702213687226/IRIyjw', 'status': 'pending', 'token': 'F0-89Ou5aV_dNERbo1jbsh_BWGpRFrEZAPC6t23qzsw'}
2026-05-11 10:02:51,030:INFO:certbot._internal.auth_handler:Performing the following challenges:
2026-05-11 10:02:51,031:INFO:certbot._internal.auth_handler:http-01 challenge for Identifier(typ=IdentifierType(dns), value='miapp.peter.es')
2026-05-11 10:02:51,032:INFO:certbot._internal.plugins.webroot:Using the webroot path /data/letsencrypt-acme-challenge for all unmatched domains.
2026-05-11 10:02:51,032:DEBUG:certbot._internal.plugins.webroot:Creating root challenges validation dir at /data/letsencrypt-acme-challenge/.well-known/acme-challenge
2026-05-11 10:02:51,042:DEBUG:certbot._internal.plugins.webroot:Attempting to save validation to /data/letsencrypt-acme-challenge/.well-known/acme-challenge/F0-89Ou5aV_dNERbo1jbsh_BWGpRFrEZAPC6t23qzsw
2026-05-11 10:02:51,046:DEBUG:acme.client:JWS payload:
b'{}'
2026-05-11 10:02:51,047:DEBUG:acme.client:Sending POST request to https://acme-v02.api.letsencrypt.org/acme/chall/3324039596/702213687226/7xbOmQ:
{
  "protected": "eyJhbGciOiAiUlMyNTYiLCAia2lkIjogImh0dHBzOi8vYWNtZS12MDIuYXBpLmxldHNlbmNyeXB0Lm9yZy9hY21lL2FjY3QvMzMyNDAzOTU5NiIsICJub25jZSI6ICJDcUpBWDVYOThKS01hUURVVTZ4WWpCWDZGdjVpcm1IdkU3Sm9GTVpqSlhmUFM0UFpobUkiLCAidXJsIjogImh0dHBzOi8vYWNtZS12MDIuYXBpLmxldHNlbmNyeXB0Lm9yZy9hY21lL2NoYWxsLzMzMjQwMzk1OTYvNzAyMjEzNjg3MjI2Lzd4Yk9tUSJ9",
  "signature": "qYwGlMx0aV_fBttyJv7t03pIiXYspD7zVCbwKFXJ049zWJpmbZ3Fphna5kDg-w9mfd8JVpgfCJvssyb2N4Go8S9UlOl9FAAxA7HP79mcTzQD2G02hBSZ5JLBV5Sq41YZhAL4XTSKoQ2ompPfERmaRN6DiXAtr69yrxKBIq-IwVowLY-QnNTfh-hP2D3LBto57aTeZwE70hP5k81sGDQqcrK2c2cMJLAhF0Ay8WYpLEI054UZHs_cxgGJGidLJ6Jhau3b1kxXGo6I1vu57TPpam7Dti-520VTGbH_QbqcGWA75XaJ4JLSlKiSITE7al8tWf_1cKy3YYCjwyl_u47xbw",
  "payload": "e30"
}
2026-05-11 10:02:51,220:DEBUG:urllib3.connectionpool:https://acme-v02.api.letsencrypt.org:443 "POST /acme/chall/3324039596/702213687226/7xbOmQ HTTP/1.1" 200 195
2026-05-11 10:02:51,222:DEBUG:acme.client:Received response:
HTTP 200
Server: nginx
Date: Mon, 11 May 2026 10:02:51 GMT
Content-Type: application/json
Content-Length: 195
Connection: keep-alive
Boulder-Requester: 3324039596
Cache-Control: public, max-age=0, no-cache
Link: <https://acme-v02.api.letsencrypt.org/directory>;rel="index", <https://acme-v02.api.letsencrypt.org/acme/authz/3324039596/702213687226>;rel="up"
Location: https://acme-v02.api.letsencrypt.org/acme/chall/3324039596/702213687226/7xbOmQ
Replay-Nonce: CqJAX5X9Rh-9_zDD7sr_wAx4ZfnQSgS_3wwPQ5i0QK9pi6qFcgs
X-Frame-Options: DENY
Strict-Transport-Security: max-age=604800

{
  "type": "http-01",
  "url": "https://acme-v02.api.letsencrypt.org/acme/chall/3324039596/702213687226/7xbOmQ",
  "status": "pending",
  "token": "F0-89Ou5aV_dNERbo1jbsh_BWGpRFrEZAPC6t23qzsw"
}
2026-05-11 10:02:51,224:DEBUG:acme.client:Storing nonce: CqJAX5X9Rh-9_zDD7sr_wAx4ZfnQSgS_3wwPQ5i0QK9pi6qFcgs
2026-05-11 10:02:51,225:INFO:certbot._internal.auth_handler:Waiting for verification...
2026-05-11 10:02:52,224:DEBUG:acme.client:JWS payload:
b''
2026-05-11 10:02:52,227:DEBUG:acme.client:Sending POST request to https://acme-v02.api.letsencrypt.org/acme/authz/3324039596/702213687226:
{
  "protected": "eyJhbGciOiAiUlMyNTYiLCAia2lkIjogImh0dHBzOi8vYWNtZS12MDIuYXBpLmxldHNlbmNyeXB0Lm9yZy9hY21lL2FjY3QvMzMyNDAzOTU5NiIsICJub25jZSI6ICJDcUpBWDVYOVJoLTlfekREN3NyX3dBeDRaZm5RU2dTXzN3d1BRNWkwUUs5cGk2cUZjZ3MiLCAidXJsIjogImh0dHBzOi8vYWNtZS12MDIuYXBpLmxldHNlbmNyeXB0Lm9yZy9hY21lL2F1dGh6LzMzMjQwMzk1OTYvNzAyMjEzNjg3MjI2In0",
  "signature": "FFfeWPcYE4scNgYST1uvtkIHAaluxVnzgH919y66h0p6P6R7YdTepxIn8X-2eeNt8K5Rt4StzeSlRpOlwBnxRJ8ApVUpI6Cfl-aIjyNfR2JWTzSt8FvLoPYSMa6AzVDnBtVUD4p137p5vhQXwx_WHveHD0rIwyESfkcX1SxDf8G7C6e0Ba4LC0NdstnFZ8XMDFuJP74SN1-GpoK7_-GNQwN6dGTL_EqwdZHjiCgecyoRCljgKUnXRKS-yrL9SImadvpz3-C6xdLIovcHl4PRvAv_PdJxQq3JZvNnA9jJERlZPhlKyL1LrDSjeA77ntZSqgxHfQUK2xt7xT3bjoCtNw",
  "payload": ""
}
2026-05-11 10:02:52,402:DEBUG:urllib3.connectionpool:https://acme-v02.api.letsencrypt.org:443 "POST /acme/authz/3324039596/702213687226 HTTP/1.1" 200 749
2026-05-11 10:02:52,406:DEBUG:acme.client:Received response:
HTTP 200
Server: nginx
Date: Mon, 11 May 2026 10:02:52 GMT
Content-Type: application/json
Content-Length: 749
Connection: keep-alive
Boulder-Requester: 3324039596
Cache-Control: public, max-age=0, no-cache
Link: <https://acme-v02.api.letsencrypt.org/directory>;rel="index"
Replay-Nonce: pOr3VqDd4axAfSaqGSnfG6A-FiiYwBQeRetIs_4BetaZor47dmE
X-Frame-Options: DENY
Strict-Transport-Security: max-age=604800

{
  "identifier": {
    "type": "dns",
    "value": "miapp.peter.es"
  },
  "status": "invalid",
  "expires": "2026-05-18T10:02:50Z",
  "challenges": [
    {
      "type": "http-01",
      "url": "https://acme-v02.api.letsencrypt.org/acme/chall/3324039596/702213687226/7xbOmQ",
      "status": "invalid",
      "validated": "2026-05-11T10:02:51Z",
      "error": {
        "type": "urn:ietf:params:acme:error:dns",
        "detail": "DNS problem: NXDOMAIN looking up A for miapp.peter.es - check that a DNS record exists for this domain; DNS problem: NXDOMAIN looking up AAAA for miapp.peter.es - check that a DNS record exists for this domain",
        "status": 400
      },
      "token": "F0-89Ou5aV_dNERbo1jbsh_BWGpRFrEZAPC6t23qzsw"
    }
  ]
}
2026-05-11 10:02:52,408:DEBUG:acme.client:Storing nonce: pOr3VqDd4axAfSaqGSnfG6A-FiiYwBQeRetIs_4BetaZor47dmE
2026-05-11 10:02:52,409:INFO:certbot._internal.auth_handler:Challenge failed for domain miapp.peter.es
2026-05-11 10:02:52,411:INFO:certbot._internal.auth_handler:http-01 challenge for Identifier(typ=IdentifierType(dns), value='miapp.peter.es')
2026-05-11 10:02:52,413:DEBUG:certbot._internal.display.obj:Notifying user: 
Certbot failed to authenticate some domains (authenticator: webroot). The Certificate Authority reported these problems:
  Identifier: miapp.peter.es
  Type:   dns
  Detail: DNS problem: NXDOMAIN looking up A for miapp.peter.es - check that a DNS record exists for this domain; DNS problem: NXDOMAIN looking up AAAA for miapp.peter.es - check that a DNS record exists for this domain

Hint: The Certificate Authority failed to download the temporary challenge files created by Certbot. Ensure that the listed domains serve their content from the provided --webroot-path/-w and that files created there can be downloaded from the internet.

2026-05-11 10:02:52,416:DEBUG:certbot._internal.error_handler:Encountered exception:
Traceback (most recent call last):
  File "/opt/certbot/lib/python3.11/site-packages/certbot/_internal/auth_handler.py", line 104, in handle_authorizations
    self._poll_authorizations(authzrs, max_retries, max_time_mins, best_effort)
  File "/opt/certbot/lib/python3.11/site-packages/certbot/_internal/auth_handler.py", line 208, in _poll_authorizations
    raise errors.AuthorizationError('Some challenges have failed.')
certbot.errors.AuthorizationError: Some challenges have failed.

2026-05-11 10:02:52,418:DEBUG:certbot._internal.error_handler:Calling registered functions
2026-05-11 10:02:52,420:INFO:certbot._internal.auth_handler:Cleaning up challenges
2026-05-11 10:02:52,421:DEBUG:certbot._internal.plugins.webroot:Removing /data/letsencrypt-acme-challenge/.well-known/acme-challenge/F0-89Ou5aV_dNERbo1jbsh_BWGpRFrEZAPC6t23qzsw
2026-05-11 10:02:52,443:DEBUG:certbot._internal.plugins.webroot:All challenges cleaned up
2026-05-11 10:02:52,452:DEBUG:certbot._internal.log:Exiting abnormally:
Traceback (most recent call last):
  File "/opt/certbot/bin/certbot", line 6, in <module>
    sys.exit(main())
             ^^^^^^
  File "/opt/certbot/lib/python3.11/site-packages/certbot/main.py", line 18, in main
    return internal_main.main(cli_args)
           ^^^^^^^^^^^^^^^^^^^^^^^^^^^^
  File "/opt/certbot/lib/python3.11/site-packages/certbot/_internal/main.py", line 1886, in main
    return config.func(config, plugins)
           ^^^^^^^^^^^^^^^^^^^^^^^^^^^^
  File "/opt/certbot/lib/python3.11/site-packages/certbot/_internal/main.py", line 1598, in certonly
    lineage = _get_and_save_cert(le_client, config, sans, certname, lineage)
              ^^^^^^^^^^^^^^^^^^^^^^^^^^^^^^^^^^^^^^^^^^^^^^^^^^^^^^^^^^^^^^
  File "/opt/certbot/lib/python3.11/site-packages/certbot/_internal/main.py", line 143, in _get_and_save_cert
    lineage = le_client.obtain_and_enroll_certificate(sans, certname)
              ^^^^^^^^^^^^^^^^^^^^^^^^^^^^^^^^^^^^^^^^^^^^^^^^^^^^^^^
  File "/opt/certbot/lib/python3.11/site-packages/certbot/_internal/client.py", line 533, in obtain_and_enroll_certificate
    cert, chain, key, _ = self.obtain_certificate(sans)
                          ^^^^^^^^^^^^^^^^^^^^^^^^^^^^^
  File "/opt/certbot/lib/python3.11/site-packages/certbot/_internal/client.py", line 434, in obtain_certificate
    orderr = self._get_order_and_authorizations(csr.data, self.config.allow_subset_of_names)
             ^^^^^^^^^^^^^^^^^^^^^^^^^^^^^^^^^^^^^^^^^^^^^^^^^^^^^^^^^^^^^^^^^^^^^^^^^^^^^^^
  File "/opt/certbot/lib/python3.11/site-packages/certbot/_internal/client.py", line 512, in _get_order_and_authorizations
    authzr = self.auth_handler.handle_authorizations(orderr, self.config, best_effort)
             ^^^^^^^^^^^^^^^^^^^^^^^^^^^^^^^^^^^^^^^^^^^^^^^^^^^^^^^^^^^^^^^^^^^^^^^^^
  File "/opt/certbot/lib/python3.11/site-packages/certbot/_internal/auth_handler.py", line 104, in handle_authorizations
    self._poll_authorizations(authzrs, max_retries, max_time_mins, best_effort)
  File "/opt/certbot/lib/python3.11/site-packages/certbot/_internal/auth_handler.py", line 208, in _poll_authorizations
    raise errors.AuthorizationError('Some challenges have failed.')
certbot.errors.AuthorizationError: Some challenges have failed.
2026-05-11 10:02:52,455:ERROR:certbot._internal.log:Some challenges have failed.
